{
  "schema_version": "3.3",
  "meta": {
    "schema_version": "3.2",
    "game_id": "[DATE] [TIME]",
    "generated_at": "[DATE] [TIME]",
    "run_id": "[RUN_ID]",
    "source_filename": "player1-player2(B) IGS",
    "date": "[DATE]",
    "players": {
      "black": "player2",
      "white": "player1"
    },
    "result": "W+34.5",
    "komi": 0.5,
    "handicap": 2,
    "board_size": [
      19,
      19
    ],
    "skill_preset": "standard",
    "loss_unit": "territory_points",
    "definitions": null,
    "date_range": null
  },
  "summary": {
    "total_moves": 204,
    "total_points_lost": {
      "black": 42.3,
      "white": 38.5
    },
    "mistake_distribution": {
      "black": {
        "good": 101,
        "inaccuracy": 0,
        "mistake": 0,
        "blunder": 1
      },
      "white": {
        "good": 100,
        "inaccuracy": 0,
        "mistake": 1,
        "blunder": 1
      }
    }
  },
  "important_moves": [
    {
      "game_name": "Game [DATE] [TIME]",
      "game_id": "[DATE] [TIME]",
      "move_number": 5,
      "player": "white",
      "coords": "D15",
      "phase": "opening",
      "loss_clamped": 2.5,
      "loss_raw": 2.5,
      "importance": 3.2,
      "mistake_type": "mistake",
      "reason_codes": [
        "unknown"
      ],
      "primary_tag": "territorial_loss"
    },
    {
      "game_name": "Game [DATE] [TIME]",
      "game_id": "[DATE] [TIME]",
      "move_number": 17,
      "player": "white",
      "coords": "F4",
      "phase": "opening",
      "loss_clamped": 6.0,
      "loss_raw": 6.0,
      "importance": 5.5,
      "mistake_type": "blunder",
      "reason_codes": [
        "heavy"
      ],
      "primary_tag": "territorial_loss"
    },
    {
      "game_name": "Game [DATE] [TIME]",
      "game_id": "[DATE] [TIME]",
      "move_number": 34,
      "player": "black",
      "coords": "P3",
      "phase": "opening",
      "loss_clamped": 12.0,
      "loss_raw": 12.0,
      "importance": 17.5,
      "mistake_type": "blunder",
      "reason_codes": [
        "heavy"
      ],
      "primary_tag": "territorial_loss"
    }
  ],
  "weaknesses": {
    "black": [
      {
        "phase": "opening",
        "category": "BLUNDER",
        "count": 1,
        "total_loss": 12.0,
        "avg_loss": 12.0,
        "confidence": "high",
        "evidence": []
      }
    ],
    "white": [
      {
        "phase": "opening",
        "category": "BLUNDER",
        "count": 1,
        "total_loss": 6.0,
        "avg_loss": 6.0,
        "confidence": "high",
        "evidence": []
      },
      {
        "phase": "opening",
        "category": "MISTAKE",
        "count": 1,
        "total_loss": 2.5,
        "avg_loss": 2.5,
        "confidence": "high",
        "evidence": []
      }
    ]
  },
  "mistake_streaks": {
    "black": [],
    "white": []
  },
  "critical_3": {
    "black": [
      {
        "move_number": 34,
        "gtp_coord": "P3",
        "player": "B",
        "score_loss": 12.0,
        "meaning_tag_id": "territorial_loss",
        "meaning_tag_label": "地の損失",
        "game_phase": "opening",
        "position_difficulty": "only",
        "area": null,
        "reason_tags": [],
        "complexity_discounted": false
      }
    ],
    "white": [
      {
        "move_number": 17,
        "gtp_coord": "F4",
        "player": "W",
        "score_loss": 6.0,
        "meaning_tag_id": "territorial_loss",
        "meaning_tag_label": "地の損失",
        "game_phase": "opening",
        "position_difficulty": "only",
        "area": null,
        "reason_tags": [],
        "complexity_discounted": false
      },
      {
        "move_number": 5,
        "gtp_coord": "D15",
        "player": "W",
        "score_loss": 2.5,
        "meaning_tag_id": "territorial_loss",
        "meaning_tag_label": "地の損失",
        "game_phase": "opening",
        "position_difficulty": "only",
        "area": null,
        "reason_tags": [],
        "complexity_discounted": false
      }
    ]
  },
  "data_quality": {
    "confidence_level": "high",
    "total_moves": 204,
    "moves_with_visits": 204,
    "coverage_pct": 100.0,
    "reliable_count": 204,
    "reliability_pct": 100.0,
    "low_confidence_count": 0,
    "low_confidence_pct": 0.0,
    "avg_visits": 500,
    "max_visits": 500,
    "effective_threshold": 200,
    "is_low_reliability": false
  },
  "reason_tags_distribution": {
    "black": {
      "heavy_loss": 1
    },
    "white": {
      "unknown": 1,
      "heavy_loss": 1
    }
  },
  "win_loss_analysis": {
    "game_outcome": {
      "black": "loss",
      "white": "win",
      "score_diff": -34.5,
      "raw": "W+34.5"
    },
    "by_outcome": {
      "win": {
        "count": 102,
        "total_loss": 38.5,
        "avg_loss": 0.4,
        "mistake_count": 2
      },
      "loss": {
        "count": 102,
        "total_loss": 42.3,
        "avg_loss": 0.4,
        "mistake_count": 1
      },
      "draw": {
        "count": 0,
        "total_loss": 0.0,
        "avg_loss": 0.0,
        "mistake_count": 0
      }
    },
    "status": "computed"
  },
  "loss_progression": [
    {
      "start_move": 1,
      "end_move": 10,
      "move_count": 10,
      "total_loss": 5.2,
      "avg_loss": 0.5,
      "mistake_count": 1
    },
    {
      "start_move": 11,
      "end_move": 20,
      "move_count": 10,
      "total_loss": 8.7,
      "avg_loss": 0.9,
      "mistake_count": 1
    },
    {
      "start_move": 21,
      "end_move": 30,
      "move_count": 10,
      "total_loss": 3.0,
      "avg_loss": 0.3,
      "mistake_count": 0
    },
    {
      "start_move": 31,
      "end_move": 40,
      "move_count": 10,
      "total_loss": 14.7,
      "avg_loss": 1.5,
      "mistake_count": 1
    },
    {
      "start_move": 41,
      "end_move": 50,
      "move_count": 10,
      "total_loss": 3.0,
      "avg_loss": 0.3,
      "mistake_count": 0
    },
    {
      "start_move": 51,
      "end_move": 60,
      "move_count": 10,
      "total_loss": 3.0,
      "avg_loss": 0.3,
      "mistake_count": 0
    },
    {
      "start_move": 61,
      "end_move": 70,
      "move_count": 10,
      "total_loss": 3.0,
      "avg_loss": 0.3,
      "mistake_count": 0
    },
    {
      "start_move": 71,
      "end_move": 80,
      "move_count": 10,
      "total_loss": 3.0,
      "avg_loss": 0.3,
      "mistake_count": 0
    },
    {
      "start_move": 81,
      "end_move": 90,
      "move_count": 10,
      "total_loss": 3.0,
      "avg_loss": 0.3,
      "mistake_count": 0
    },
    {
      "start_move": 91,
      "end_move": 100,
      "move_count": 10,
      "total_loss": 3.0,
      "avg_loss": 0.3,
      "mistake_count": 0
    },
    {
      "start_move": 101,
      "end_move": 110,
      "move_count": 10,
      "total_loss": 3.0,
      "avg_loss": 0.3,
      "mistake_count": 0
    },
    {
      "start_move": 111,
      "end_move": 120,
      "move_count": 10,
      "total_loss": 3.0,
      "avg_loss": 0.3,
      "mistake_count": 0
    },
    {
      "start_move": 121,
      "end_move": 130,
      "move_count": 10,
      "total_loss": 3.0,
      "avg_loss": 0.3,
      "mistake_count": 0
    },
    {
      "start_move": 131,
      "end_move": 140,
      "move_count": 10,
      "total_loss": 3.0,
      "avg_loss": 0.3,
      "mistake_count": 0
    },
    {
      "start_move": 141,
      "end_move": 150,
      "move_count": 10,
      "total_loss": 3.0,
      "avg_loss": 0.3,
      "mistake_count": 0
    },
    {
      "start_move": 151,
      "end_move": 160,
      "move_count": 10,
      "total_loss": 3.0,
      "avg_loss": 0.3,
      "mistake_count": 0
    },
    {
      "start_move": 161,
      "end_move": 170,
      "move_count": 10,
      "total_loss": 3.0,
      "avg_loss": 0.3,
      "mistake_count": 0
    },
    {
      "start_move": 171,
      "end_move": 180,
      "move_count": 10,
      "total_loss": 3.0,
      "avg_loss": 0.3,
      "mistake_count": 0
    },
    {
      "start_move": 181,
      "end_move": 190,
      "move_count": 10,
      "total_loss": 3.0,
      "avg_loss": 0.3,
      "mistake_count": 0
    },
    {
      "start_move": 191,
      "end_move": 200,
      "move_count": 10,
      "total_loss": 3.0,
      "avg_loss": 0.3,
      "mistake_count": 0
    },
    {
      "start_move": 201,
      "end_move": 204,
      "move_count": 4,
      "total_loss": 1.2,
      "avg_loss": 0.3,
      "mistake_count": 0
    }
  ],
  "opponent_strength_loss_correlation": {
    "black": {
      "by_bucket": {
        "kyu": {
          "games": 0,
          "total_loss": 0.0,
          "avg_loss": 0.0,
          "mistake_count": 0
        },
        "dan": {
          "games": 0,
          "total_loss": 0.0,
          "avg_loss": 0.0,
          "mistake_count": 0
        },
        "high_dan": {
          "games": 0,
          "total_loss": 0.0,
          "avg_loss": 0.0,
          "mistake_count": 0
        },
        "unknown": {
          "games": 0,
          "total_loss": 0.0,
          "avg_loss": 0.0,
          "mistake_count": 0
        }
      },
      "sample_count": 0,
      "status": "no_opponent_info"
    },
    "white": {
      "by_bucket": {
        "kyu": {
          "games": 1,
          "total_loss": 38.5,
          "avg_loss": 0.0,
          "mistake_count": 2
        },
        "dan": {
          "games": 0,
          "total_loss": 0.0,
          "avg_loss": 0.0,
          "mistake_count": 0
        },
        "high_dan": {
          "games": 0,
          "total_loss": 0.0,
          "avg_loss": 0.0,
          "mistake_count": 0
        },
        "unknown": {
          "games": 0,
          "total_loss": 0.0,
          "avg_loss": 0.0,
          "mistake_count": 0
        }
      },
      "sample_count": 1,
      "status": "insufficient_data"
    }
  }
}
