{
  "schema_version": "3.2",
  "meta": {
    "schema_version": "3.2",
    "game_id": "[DATE] [TIME]",
    "generated_at": "[DATE] [TIME]",
    "run_id": "[RUN_ID]",
    "source_filename": "unknown_game.sgf",
    "date": "[DATE]",
    "players": {
      "black": "whatiskale",
      "white": "注号用名"
    },
    "result": "B+R",
    "komi": 6.5,
    "handicap": 0,
    "board_size": [
      19,
      19
    ],
    "skill_preset": "standard",
    "loss_unit": "territory_points",
    "definitions": null,
    "date_range": null
  },
  "summary": {
    "total_moves": 92,
    "total_points_lost": {
      "black": 21.7,
      "white": 25.5
    },
    "mistake_distribution": {
      "black": {
        "good": 44,
        "inaccuracy": 0,
        "mistake": 1,
        "blunder": 1
      },
      "white": {
        "good": 45,
        "inaccuracy": 0,
        "mistake": 0,
        "blunder": 1
      }
    }
  },
  "important_moves": [
    {
      "game_name": "Game [DATE] [TIME]",
      "game_id": "[DATE] [TIME]",
      "move_number": 5,
      "player": "black",
      "coords": "F17",
      "phase": "opening",
      "loss_clamped": 2.5,
      "loss_raw": 2.5,
      "importance": 3.2,
      "mistake_type": "mistake",
      "reason_codes": [
        "unknown"
      ],
      "primary_tag": "territorial_loss"
    },
    {
      "game_name": "Game [DATE] [TIME]",
      "game_id": "[DATE] [TIME]",
      "move_number": 17,
      "player": "black",
      "coords": "R8",
      "phase": "opening",
      "loss_clamped": 6.0,
      "loss_raw": 6.0,
      "importance": 5.5,
      "mistake_type": "blunder",
      "reason_codes": [
        "heavy"
      ],
      "primary_tag": "territorial_loss"
    },
    {
      "game_name": "Game [DATE] [TIME]",
      "game_id": "[DATE] [TIME]",
      "move_number": 34,
      "player": "white",
      "coords": "B6",
      "phase": "opening",
      "loss_clamped": 12.0,
      "loss_raw": 12.0,
      "importance": 17.5,
      "mistake_type": "blunder",
      "reason_codes": [
        "heavy"
      ],
      "primary_tag": "territorial_loss"
    }
  ],
  "weaknesses": {
    "black": [
      {
        "phase": "opening",
        "category": "BLUNDER",
        "count": 1,
        "total_loss": 6.0,
        "avg_loss": 6.0,
        "confidence": "high",
        "evidence": []
      },
      {
        "phase": "opening",
        "category": "MISTAKE",
        "count": 1,
        "total_loss": 2.5,
        "avg_loss": 2.5,
        "confidence": "high",
        "evidence": []
      }
    ],
    "white": [
      {
        "phase": "opening",
        "category": "BLUNDER",
        "count": 1,
        "total_loss": 12.0,
        "avg_loss": 12.0,
        "confidence": "high",
        "evidence": []
      }
    ]
  },
  "mistake_streaks": {
    "black": [],
    "white": []
  },
  "critical_3": {
    "black": [
      {
        "move_number": 17,
        "gtp_coord": "R8",
        "player": "B",
        "score_loss": 6.0,
        "meaning_tag_id": "territorial_loss",
        "meaning_tag_label": "地の損失",
        "game_phase": "opening",
        "position_difficulty": "only",
        "area": null,
        "reason_tags": [],
        "complexity_discounted": false
      },
      {
        "move_number": 5,
        "gtp_coord": "F17",
        "player": "B",
        "score_loss": 2.5,
        "meaning_tag_id": "territorial_loss",
        "meaning_tag_label": "地の損失",
        "game_phase": "opening",
        "position_difficulty": "only",
        "area": null,
        "reason_tags": [],
        "complexity_discounted": false
      }
    ],
    "white": [
      {
        "move_number": 34,
        "gtp_coord": "B6",
        "player": "W",
        "score_loss": 12.0,
        "meaning_tag_id": "territorial_loss",
        "meaning_tag_label": "地の損失",
        "game_phase": "opening",
        "position_difficulty": "only",
        "area": null,
        "reason_tags": [],
        "complexity_discounted": false
      }
    ]
  },
  "data_quality": {
    "confidence_level": "high",
    "total_moves": 92,
    "moves_with_visits": 92,
    "coverage_pct": 100.0,
    "reliable_count": 92,
    "reliability_pct": 100.0,
    "low_confidence_count": 0,
    "low_confidence_pct": 0.0,
    "avg_visits": 500,
    "max_visits": 500,
    "effective_threshold": 200,
    "is_low_reliability": false
  },
  "reason_tags_distribution": {
    "black": {
      "unknown": 1,
      "heavy_loss": 1
    },
    "white": {
      "heavy_loss": 1
    }
  },
  "win_loss_analysis": {
    "game_outcome": {
      "black": "win",
      "white": "loss",
      "score_diff": null,
      "raw": "B+R"
    },
    "by_outcome": {
      "win": {
        "count": 46,
        "total_loss": 21.7,
        "avg_loss": 0.5,
        "mistake_count": 2
      },
      "loss": {
        "count": 46,
        "total_loss": 25.5,
        "avg_loss": 0.6,
        "mistake_count": 1
      },
      "draw": {
        "count": 0,
        "total_loss": 0.0,
        "avg_loss": 0.0,
        "mistake_count": 0
      }
    },
    "status": "computed"
  },
  "loss_progression": [
    {
      "start_move": 1,
      "end_move": 10,
      "move_count": 10,
      "total_loss": 5.2,
      "avg_loss": 0.5,
      "mistake_count": 1
    },
    {
      "start_move": 11,
      "end_move": 20,
      "move_count": 10,
      "total_loss": 8.7,
      "avg_loss": 0.9,
      "mistake_count": 1
    },
    {
      "start_move": 21,
      "end_move": 30,
      "move_count": 10,
      "total_loss": 3.0,
      "avg_loss": 0.3,
      "mistake_count": 0
    },
    {
      "start_move": 31,
      "end_move": 40,
      "move_count": 10,
      "total_loss": 14.7,
      "avg_loss": 1.5,
      "mistake_count": 1
    },
    {
      "start_move": 41,
      "end_move": 50,
      "move_count": 10,
      "total_loss": 3.0,
      "avg_loss": 0.3,
      "mistake_count": 0
    },
    {
      "start_move": 51,
      "end_move": 60,
      "move_count": 10,
      "total_loss": 3.0,
      "avg_loss": 0.3,
      "mistake_count": 0
    },
    {
      "start_move": 61,
      "end_move": 70,
      "move_count": 10,
      "total_loss": 3.0,
      "avg_loss": 0.3,
      "mistake_count": 0
    },
    {
      "start_move": 71,
      "end_move": 80,
      "move_count": 10,
      "total_loss": 3.0,
      "avg_loss": 0.3,
      "mistake_count": 0
    },
    {
      "start_move": 81,
      "end_move": 90,
      "move_count": 10,
      "total_loss": 3.0,
      "avg_loss": 0.3,
      "mistake_count": 0
    },
    {
      "start_move": 91,
      "end_move": 92,
      "move_count": 2,
      "total_loss": 0.6,
      "avg_loss": 0.3,
      "mistake_count": 0
    }
  ]
}
