## Meta
- Board: 19x19
- Komi: 6.5
- Rules: chinese
- Handicap: 0
- Game: leela_test
- Date: leela_golden_test
- Style: AI Native
- Style Confidence: 100%

## Players
- Black: unknown
- White: unknown

## Notes
- loss is measured for the player who played the move.

## Definitions

- Strictness: 標準 (手動)
- Auto recommended: 標準 (推定確度: 低)

| 指標 | 定義 |
|------|------|
| 目数損失 | 実際の手と最善手との目数差（0以上にクランプ） |
| WR Gap | 勝率変化（着手前→着手後）。大きな目数損でも勝率変化が小さい場合あり |
| Good | 損失 < 1.0目 |
| Inaccuracy | 損失 1.0 - 2.5目 |
| Mistake | 損失 2.5 - 5.0目 |
| Blunder | 損失 ≥ 5.0目 |
| Phase (19x19) | 序盤: <50手, 中盤: 50-199手, 終盤: ≥200手 |

## Data Quality

- **信頼度: 高**
- Moves analyzed: 10
- Coverage: 10 / 10 (100.0%)
- Reliable (visits ≥ 200): 10 (100.0%)
- Low-confidence: 0 (0.0%)
- Avg visits: 500
- Max visits: 500

*Visits are measured from KataGo analysis (root_visits).*

## Summary (Black)
- Moves analyzed: 5
- Total points lost: 0.0
- Worst move: #5 B D5 loss 6.0(推定) (blunder)

## Summary (White)
- Moves analyzed: 5
- Total points lost: 0.0
- Worst move: #2 W D2 loss 0.5(推定) (good)

## Distributions (Black)
- Mistake buckets: unknown

## Distributions (White)
- Mistake buckets: unknown

## Important Moves (Black) Top 20
- No important moves found.

## Reason Tags Distribution (Black)

- No reason tags detected.

## Important Moves (White) Top 20
- No important moves found.

## Reason Tags Distribution (White)

- No reason tags detected.
