{
  "schema_version": "3.1",
  "meta": {
    "schema_version": "3.1",
    "game_id": "[DATE] [TIME]",
    "generated_at": "[DATE] [TIME]",
    "run_id": "[RUN_ID]",
    "source_filename": "player1-player2(B) IGS",
    "date": "[DATE]",
    "players": {
      "black": "player2",
      "white": "player1"
    },
    "result": "W+34.5",
    "komi": 0.5,
    "handicap": 2,
    "board_size": [
      19,
      19
    ],
    "skill_preset": "standard",
    "loss_unit": "territory_points",
    "definitions": null,
    "date_range": null
  },
  "summary": {
    "total_moves": 204,
    "total_points_lost": {
      "black": 42.3,
      "white": 38.5
    },
    "mistake_distribution": {
      "black": {
        "good": 101,
        "inaccuracy": 0,
        "mistake": 0,
        "blunder": 1
      },
      "white": {
        "good": 100,
        "inaccuracy": 0,
        "mistake": 1,
        "blunder": 1
      }
    }
  },
  "important_moves": [
    {
      "game_name": "Game [DATE] [TIME]",
      "game_id": "[DATE] [TIME]",
      "move_number": 5,
      "player": "white",
      "coords": "D15",
      "phase": "opening",
      "loss_clamped": 2.5,
      "loss_raw": 2.5,
      "importance": 3.2,
      "mistake_type": "mistake",
      "reason_codes": [
        "unknown"
      ],
      "primary_tag": "territorial_loss"
    },
    {
      "game_name": "Game [DATE] [TIME]",
      "game_id": "[DATE] [TIME]",
      "move_number": 17,
      "player": "white",
      "coords": "F4",
      "phase": "opening",
      "loss_clamped": 6.0,
      "loss_raw": 6.0,
      "importance": 5.5,
      "mistake_type": "blunder",
      "reason_codes": [
        "heavy"
      ],
      "primary_tag": "territorial_loss"
    },
    {
      "game_name": "Game [DATE] [TIME]",
      "game_id": "[DATE] [TIME]",
      "move_number": 34,
      "player": "black",
      "coords": "P3",
      "phase": "opening",
      "loss_clamped": 12.0,
      "loss_raw": 12.0,
      "importance": 17.5,
      "mistake_type": "blunder",
      "reason_codes": [
        "heavy"
      ],
      "primary_tag": "territorial_loss"
    }
  ],
  "weaknesses": {
    "black": [
      {
        "phase": "opening",
        "category": "BLUNDER",
        "count": 1,
        "total_loss": 12.0,
        "avg_loss": 12.0,
        "confidence": "high",
        "evidence": []
      }
    ],
    "white": [
      {
        "phase": "opening",
        "category": "BLUNDER",
        "count": 1,
        "total_loss": 6.0,
        "avg_loss": 6.0,
        "confidence": "high",
        "evidence": []
      },
      {
        "phase": "opening",
        "category": "MISTAKE",
        "count": 1,
        "total_loss": 2.5,
        "avg_loss": 2.5,
        "confidence": "high",
        "evidence": []
      }
    ]
  },
  "mistake_streaks": {
    "black": [],
    "white": []
  },
  "critical_3": {
    "black": [
      {
        "move_number": 34,
        "gtp_coord": "P3",
        "player": "B",
        "score_loss": 12.0,
        "meaning_tag_id": "territorial_loss",
        "meaning_tag_label": "地の損失",
        "game_phase": "opening",
        "position_difficulty": "only",
        "area": null,
        "reason_tags": [],
        "complexity_discounted": false
      }
    ],
    "white": [
      {
        "move_number": 17,
        "gtp_coord": "F4",
        "player": "W",
        "score_loss": 6.0,
        "meaning_tag_id": "territorial_loss",
        "meaning_tag_label": "地の損失",
        "game_phase": "opening",
        "position_difficulty": "only",
        "area": null,
        "reason_tags": [],
        "complexity_discounted": false
      },
      {
        "move_number": 5,
        "gtp_coord": "D15",
        "player": "W",
        "score_loss": 2.5,
        "meaning_tag_id": "territorial_loss",
        "meaning_tag_label": "地の損失",
        "game_phase": "opening",
        "position_difficulty": "only",
        "area": null,
        "reason_tags": [],
        "complexity_discounted": false
      }
    ]
  },
  "data_quality": {
    "confidence_level": "high",
    "total_moves": 204,
    "moves_with_visits": 204,
    "coverage_pct": 100.0,
    "reliable_count": 204,
    "reliability_pct": 100.0,
    "low_confidence_count": 0,
    "low_confidence_pct": 0.0,
    "avg_visits": 500,
    "max_visits": 500,
    "effective_threshold": 200,
    "is_low_reliability": false
  },
  "reason_tags_distribution": {
    "black": {
      "heavy_loss": 1
    },
    "white": {
      "unknown": 1,
      "heavy_loss": 1
    }
  }
}
