{
  "schema_version": "3.0",
  "meta": {
    "schema_version": "3.0",
    "game_id": "[DATE] [TIME]",
    "generated_at": "[DATE] [TIME]",
    "run_id": "[RUN_ID]",
    "source_filename": "unknown_game.sgf",
    "date": "[DATE]",
    "players": {
      "black": "whatiskale",
      "white": "注号用名"
    },
    "result": "B+R",
    "komi": 6.5,
    "handicap": 0,
    "board_size": [
      19,
      19
    ],
    "skill_preset": "standard",
    "loss_unit": "territory_points",
    "definitions": {
      "thresholds": {
        "bad_move_loss": 0.5,
        "urgent_miss": {
          "loss": 20.0,
          "min_consecutive": 3
        },
        "phase": {
          "opening_max": 50,
          "middle_max": 200,
          "endgame_min": 201
        },
        "loss": {
          "inaccuracy": 1.0,
          "mistake": 2.5,
          "blunder": 5.0
        }
      },
      "mistake_types": [
        "good",
        "inaccuracy",
        "mistake",
        "blunder"
      ],
      "difficulty_levels": {
        "easy": "One clear best move / Obvious",
        "normal": "Standard complexity",
        "hard": "Complex pattern / Many candidates",
        "only": "Forced move / Single valid candidate",
        "unknown": "Difficulty could not be determined"
      },
      "phases": [
        "opening",
        "middle",
        "endgame"
      ],
      "phase_aliases": {
        "yose": "endgame"
      },
      "category_aliases": {
        "inaccuracy": "inc",
        "mistake": "bad",
        "blunder": "vbd"
      },
      "reason_code_aliases": {
        "low_liberties": "liberties",
        "need_connect": "connection",
        "heavy_loss": "heavy",
        "reading_failure": "reading",
        "shape_mistake": "shape",
        "endgame_slip": "endgame_hint",
        "cut_risk": "cut_risk",
        "thin": "thin",
        "chase_mode": "chase_mode",
        "connection_mistake": "connection",
        "liberties_mistake": "liberties",
        "joseki_mistake": "joseki"
      },
      "primary_tags": [
        "missed_tesuji",
        "overplay",
        "slow_move",
        "direction_error",
        "shape_mistake",
        "reading_failure",
        "endgame_slip",
        "connection_miss",
        "capture_race_loss",
        "life_death_error",
        "territorial_loss",
        "uncertain"
      ],
      "reason_codes": [
        "shape",
        "atari",
        "clump",
        "heavy",
        "overconcentrated",
        "liberties",
        "endgame_hint",
        "connection",
        "urgent",
        "tenuki",
        "cut_risk",
        "thin",
        "chase_mode",
        "reading",
        "joseki"
      ],
      "importance": {
        "scale": "0.0 to unbounded (logarithmic)",
        "description": "Combined score of loss and semantic interest",
        "thresholds": {
          "interesting": 0.3,
          "important": 0.5,
          "critical": 1.0
        }
      }
    },
    "date_range": null
  },
  "summary": {
    "total_moves": 92,
    "total_points_lost": {
      "black": 21.7,
      "white": 25.5
    },
    "mistake_distribution": {
      "black": {
        "good": 44,
        "inaccuracy": 0,
        "mistake": 1,
        "blunder": 1
      },
      "white": {
        "good": 45,
        "inaccuracy": 0,
        "mistake": 0,
        "blunder": 1
      }
    }
  },
  "important_moves": [
    {
      "game_name": "Game [DATE] [TIME]",
      "game_id": "[DATE] [TIME]",
      "move_number": 5,
      "player": "black",
      "coords": "F17",
      "phase": "opening",
      "difficulty": "only",
      "loss_clamped": 2.5,
      "loss_raw": 2.5,
      "importance": 3.2,
      "mistake_type": "mistake",
      "reason_codes": [
        "unknown"
      ],
      "primary_tag": "territorial_loss"
    },
    {
      "game_name": "Game [DATE] [TIME]",
      "game_id": "[DATE] [TIME]",
      "move_number": 17,
      "player": "black",
      "coords": "R8",
      "phase": "opening",
      "difficulty": "only",
      "loss_clamped": 6.0,
      "loss_raw": 6.0,
      "importance": 5.5,
      "mistake_type": "blunder",
      "reason_codes": [
        "heavy"
      ],
      "primary_tag": "territorial_loss"
    },
    {
      "game_name": "Game [DATE] [TIME]",
      "game_id": "[DATE] [TIME]",
      "move_number": 34,
      "player": "white",
      "coords": "B6",
      "phase": "opening",
      "difficulty": "only",
      "loss_clamped": 12.0,
      "loss_raw": 12.0,
      "importance": 17.5,
      "mistake_type": "blunder",
      "reason_codes": [
        "heavy"
      ],
      "primary_tag": "territorial_loss"
    }
  ],
  "weaknesses": {
    "black": [
      {
        "phase": "opening",
        "category": "BLUNDER",
        "count": 1,
        "total_loss": 6.0,
        "avg_loss": 6.0,
        "confidence": "high",
        "evidence": []
      },
      {
        "phase": "opening",
        "category": "MISTAKE",
        "count": 1,
        "total_loss": 2.5,
        "avg_loss": 2.5,
        "confidence": "high",
        "evidence": []
      }
    ],
    "white": [
      {
        "phase": "opening",
        "category": "BLUNDER",
        "count": 1,
        "total_loss": 12.0,
        "avg_loss": 12.0,
        "confidence": "high",
        "evidence": []
      }
    ]
  },
  "practice_priorities": {
    "black": [
      {
        "priority_id": "phase_middle_mistake_focus",
        "phase": "middle",
        "category": "MISTAKE",
        "anchor_move": null
      },
      {
        "priority_id": "phase_middle_mistake_focus",
        "phase": "middle",
        "category": "MISTAKE",
        "anchor_move": null
      }
    ],
    "white": [
      {
        "priority_id": "phase_middle_mistake_focus",
        "phase": "middle",
        "category": "MISTAKE",
        "anchor_move": null
      }
    ]
  },
  "mistake_streaks": {
    "black": [],
    "white": []
  },
  "urgent_misses": {
    "black": [],
    "white": []
  },
  "critical_3": {
    "black": [
      {
        "move_number": 17,
        "gtp_coord": "R8",
        "player": "B",
        "score_loss": 6.0,
        "meaning_tag_id": "territorial_loss",
        "meaning_tag_label": "地の損失",
        "game_phase": "opening",
        "position_difficulty": "only",
        "area": null,
        "reason_tags": [],
        "complexity_discounted": false
      },
      {
        "move_number": 5,
        "gtp_coord": "F17",
        "player": "B",
        "score_loss": 2.5,
        "meaning_tag_id": "territorial_loss",
        "meaning_tag_label": "地の損失",
        "game_phase": "opening",
        "position_difficulty": "only",
        "area": null,
        "reason_tags": [],
        "complexity_discounted": false
      }
    ],
    "white": [
      {
        "move_number": 34,
        "gtp_coord": "B6",
        "player": "W",
        "score_loss": 12.0,
        "meaning_tag_id": "territorial_loss",
        "meaning_tag_label": "地の損失",
        "game_phase": "opening",
        "position_difficulty": "only",
        "area": null,
        "reason_tags": [],
        "complexity_discounted": false
      }
    ]
  },
  "data_quality": {
    "confidence_level": "high",
    "total_moves": 92,
    "moves_with_visits": 92,
    "coverage_pct": 100.0,
    "reliable_count": 92,
    "reliability_pct": 100.0,
    "low_confidence_count": 0,
    "low_confidence_pct": 0.0,
    "avg_visits": 500,
    "max_visits": 500,
    "effective_threshold": 200,
    "is_low_reliability": false
  },
  "common_difficult_positions": [],
  "reason_tags_distribution": {
    "black": {
      "unknown": 1,
      "heavy_loss": 1
    },
    "white": {
      "heavy_loss": 1
    }
  }
}
