## Meta
- Board: 19x19
- Komi: 7.5
- Rules: chinese
- Handicap: 0
- Game: [DATE] [TIME]
- Date: [DATE]
- Style: Precision Machine
- Style Confidence: 100%

## Players
- Black: AlphaGo
- White: Lee Sedol (9p)

## Notes
- loss is measured for the player who played the move.

## Definitions

- Strictness: 標準 (手動)
- Auto recommended: 激辛 (推定確度: 低)

| 指標 | 定義 |
|------|------|
| 目数損失 | 実際の手と最善手との目数差（0以上にクランプ） |
| WR Gap | 勝率変化（着手前→着手後）。大きな目数損でも勝率変化が小さい場合あり |
| Good | 損失 < 1.0目 |
| Inaccuracy | 損失 1.0 - 2.5目 |
| Mistake | 損失 2.5 - 5.0目 |
| Blunder | 損失 ≥ 5.0目 |
| Phase (19x19) | 序盤: <50手, 中盤: 50-199手, 終盤: ≥200手 |

## Data Quality

- **信頼度: 高**
- Moves analyzed: 180
- Coverage: 180 / 180 (100.0%)
- Reliable (visits ≥ 200): 180 (100.0%)
- Low-confidence: 0 (0.0%)
- Avg visits: 500
- Max visits: 500

*Visits are measured from KataGo analysis (root_visits).*

## Summary (Black)
- Moves analyzed: 90
- Total points lost: 34.9
- Worst move: #17 B E16 loss 6.0 (blunder)

## Summary (White)
- Moves analyzed: 90
- Total points lost: 38.7
- Worst move: #34 W B10 loss 12.0 (blunder)

## Distributions (Black)
- Mistake buckets (points lost):
  - < 0.5: 0
  - 0.5 - 1.5: 0
  - 1.5 - 3: 0
  - 3 - 6: 0
  - 6 - 12: 0
  - >= 12: 90

## Distributions (White)
- Mistake buckets (points lost):
  - < 0.5: 1
  - 0.5 - 1.5: 0
  - 1.5 - 3: 0
  - 3 - 6: 0
  - 6 - 12: 0
  - >= 12: 89

## Important Moves (Black) Top 2
| # | Time | P | Coord | Loss | Best | Candidates | WR Gap | Danger | Mistake | MTag | Reason |
|---|------|---|-------|------|------|------------|----------|--------|---------|------|--------|
| 5 | - | B | P4 | 2.5 | R4 | 1 | - | Low | mistake | 地の損失 | unknown |
| 17 | - | B | E16 | 6.0 | C13 | 1 | - | Low | blunder | 地の損失 | unknown |

## Critical 3 (Black)

最も重要なミス（重点復習用）:

### 1. Move #17 (B) E16
- **Loss**: 6.0目
- **Type**: 地の損失
- **Reason**: 地を損しました。
- **Phase**: opening
- **Difficulty**: ONLY
- **Context**: (none)

### 2. Move #5 (B) P4
- **Loss**: 2.5目
- **Type**: 地の損失
- **Reason**: 地を損しました。
- **Phase**: opening
- **Difficulty**: ONLY
- **Context**: (none)

## Reason Tags Distribution (Black)

- 不明 (unknown): 2

## Important Moves (White) Top 1
| # | Time | P | Coord | Loss | Best | Candidates | WR Gap | Danger | Mistake | MTag | Reason |
|---|------|---|-------|------|------|------------|----------|--------|---------|------|--------|
| 34 | - | W | B10 | 12.0 | F12 | 1 | - | Mid | blunder | 読み抜け | low_liberties |

## Critical 3 (White)

最も重要なミス（重点復習用）:

### 1. Move #34 (W) B10
- **Loss**: 12.0目
- **Type**: 地の損失
- **Reason**: 地を損しました。
- **Phase**: opening
- **Difficulty**: ONLY
- **Context**: (none)

## Reason Tags Distribution (White)

- 呼吸点少 (low liberties): 1
