## Meta
- Board: 19x19
- Komi: 0.5
- Rules: japanese
- Handicap: 2
- Game: player1-player2(B) IGS
- Date: [DATE]

## Players
- Black: player2 (12k )
- White: player1 (11k+)

## Notes
- loss is measured for the player who played the move.

## Definitions

- Strictness: 標準 (手動)
- Auto recommended: 激辛 (推定確度: 低)

| 指標 | 定義 |
|------|------|
| 目数損失 | 実際の手と最善手との目数差（0以上にクランプ） |
| WR Gap | 勝率変化（着手前→着手後）。大きな目数損でも勝率変化が小さい場合あり |
| Good | 損失 < 1.0目 |
| Inaccuracy | 損失 1.0 - 2.5目 |
| Mistake | 損失 2.5 - 5.0目 |
| Blunder | 損失 ≥ 5.0目 |
| Phase (19x19) | 序盤: <50手, 中盤: 50-199手, 終盤: ≥200手 |

## Data Quality

- **信頼度: 高**
- Moves analyzed: 204
- Coverage: 204 / 204 (100.0%)
- Reliable (visits ≥ 200): 204 (100.0%)
- Low-confidence: 0 (0.0%)
- Avg visits: 500
- Max visits: 500

*Visits are measured from KataGo analysis (root_visits).*

## Summary (Black)
- Moves analyzed: 102
- Total points lost: 42.3
- Worst move: #34 B P3 loss 12.0 (blunder)

## Summary (White)
- Moves analyzed: 102
- Total points lost: 38.5
- Worst move: #17 W F4 loss 6.0 (blunder)

## Distributions (Black)
- Mistake buckets (points lost):
  - < 0.5: 101
  - 0.5 - 1.5: 0
  - 1.5 - 3: 0
  - 3 - 6: 0
  - 6 - 12: 0
  - >= 12: 1

## Distributions (White)
- Mistake buckets (points lost):
  - < 0.5: 100
  - 0.5 - 1.5: 0
  - 1.5 - 3: 1
  - 3 - 6: 1
  - 6 - 12: 0
  - >= 12: 0

## Important Moves (Black) Top 1
| # | P | Coord | Loss | Best | Candidates | WR Gap | Danger | Mistake | MTag | Reason |
|---|---|-------|------|------|------------|----------|--------|---------|------|--------|
| 34 | B | P3 | 12.0 | Q2 | 1 | - | Low | blunder | 地の損失 | unknown |

## Reason Tags Distribution (Black)

- 不明 (unknown): 1

## Important Moves (White) Top 2
| # | P | Coord | Loss | Best | Candidates | WR Gap | Danger | Mistake | MTag | Reason |
|---|---|-------|------|------|------------|----------|--------|---------|------|--------|
| 5 | W | D15 | 2.5 | C16 | 1 | - | Low | mistake | 地の損失 | unknown |
| 17 | W | F4 | 6.0 | E3 | 1 | - | Low | blunder | 地の損失 | unknown |

## Reason Tags Distribution (White)

- 不明 (unknown): 2
